Looking in indexes: https://download.pytorch.org/whl/cu128
Collecting torch==2.9.1
  Downloading https://download-r2.pytorch.org/whl/cu128/torch-2.9.1%2Bcu128-cp311-cp311-win_amd64.whl.metadata (29 kB)
Collecting filelock (from torch==2.9.1)
  Downloading filelock-3.32.3-py3-none-any.whl.metadata (2.0 kB)
Collecting typing-extensions>=4.10.0 (from torch==2.9.1)
  Downloading typing_extensions-4.16.0-py3-none-any.whl.metadata (3.3 kB)
Collecting sympy>=1.13.3 (from torch==2.9.1)
  Downloading sympy-1.14.0-py3-none-any.whl.metadata (12 kB)
Collecting networkx>=2.5.1 (from torch==2.9.1)
  Downloading networkx-3.6.1-py3-none-any.whl.metadata (6.8 kB)
Collecting jinja2 (from torch==2.9.1)
  Downloading https://download.pytorch.org/whl/jinja2-3.1.6-py3-none-any.whl.metadata (2.9 kB)
Collecting fsspec>=0.8.5 (from torch==2.9.1)
  Downloading fsspec-2026.7.0-py3-none-any.whl.metadata (10 kB)
Collecting mpmath<1.4,>=1.1.0 (from sympy>=1.13.3->torch==2.9.1)
  Downloading mpmath-1.3.0-py3-none-any.whl.metadata (8.6 kB)
Collecting MarkupSafe>=2.0 (from jinja2->torch==2.9.1)
  Downloading https://download.pytorch.org/whl/markupsafe-3.0.3-cp311-cp311-win_amd64.whl.metadata (2.8 kB)
Downloading https://download-r2.pytorch.org/whl/cu128/torch-2.9.1%2Bcu128-cp311-cp311-win_amd64.whl (2862.1 MB)
   ---------------------------------------- 2.9/2.9 GB 2.7 MB/s eta 0:00:00
Downloading fsspec-2026.7.0-py3-none-any.whl (206 kB)
   --------------------------------------- 206.6/206.6 kB 12.3 MB/s eta 0:00:00
Downloading networkx-3.6.1-py3-none-any.whl (2.1 MB)
   ---------------------------------------- 2.1/2.1 MB 66.4 MB/s eta 0:00:00
Downloading sympy-1.14.0-py3-none-any.whl (6.3 MB)
   ---------------------------------------- 6.3/6.3 MB 80.6 MB/s eta 0:00:00
Downloading typing_extensions-4.16.0-py3-none-any.whl (45 kB)
   ---------------------------------------- 45.6/45.6 kB ? eta 0:00:00
Downloading filelock-3.32.3-py3-none-any.whl (98 kB)
   ---------------------------------------- 98.9/98.9 kB ? eta 0:00:00
Downloading https://download.pytorch.org/whl/jinja2-3.1.6-py3-none-any.whl (134 kB)
   ---------------------------------------- 134.9/134.9 kB ? eta 0:00:00
Downloading https://download.pytorch.org/whl/markupsafe-3.0.3-cp311-cp311-win_amd64.whl (15 kB)
Downloading mpmath-1.3.0-py3-none-any.whl (536 kB)
   --------------------------------------- 536.2/536.2 kB 32.9 MB/s eta 0:00:00
Installing collected packages: mpmath, typing-extensions, sympy, networkx, MarkupSafe, fsspec, filelock, jinja2, torch
Successfully installed MarkupSafe-3.0.3 filelock-3.32.3 fsspec-2026.7.0 jinja2-3.1.6 mpmath-1.3.0 networkx-3.6.1 sympy-1.14.0 torch-2.9.1+cu128 typing-extensions-4.16.0
